MPLINK 5.09, LINKER
Linker Map File - Created Fri Jun 10 19:17:01 2022

                                 Section Info
                  Section       Type    Address   Location Size(Bytes)
                ---------  ---------  ---------  ---------  ---------
                   .org_1       code   0x000000    program   0x000002
                   .cinit    romdata   0x000001    program   0x000004
                   .org_0       code   0x000004    program   0x000002
                   .org_2       code   0x000005    program   0x0001cc
.config_2007_BUILD/DEFAULT/DEBUG/TP_FINAL.O       code   0x002007    program   0x000002
.config_2008_BUILD/DEFAULT/DEBUG/TP_FINAL.O       code   0x002008    program   0x000002



                              Program Memory Usage 
                               Start         End      
                           ---------   ---------      
                            0x000000    0x000002      
                            0x000004    0x0000ea      
                            0x002007    0x002008      
            236 out of 8455 program addresses used, program memory utilization is 2%



                              Symbols - Sorted by Name
                     Name    Address   Location    Storage File                     
                ---------  ---------  ---------  --------- ---------                
                   APAGAR   0x0000dc    program     static C:\Users\cande\MPLABXProjects\TP_FINAL.X\tp_final.asm
                    BLINK   0x0000d8    program     static C:\Users\cande\MPLABXProjects\TP_FINAL.X\tp_final.asm
             CODIFICACION   0x0000b8    program     static C:\Users\cande\MPLABXProjects\TP_FINAL.X\tp_final.asm
             DISPLAY_LOOP   0x0000a9    program     static C:\Users\cande\MPLABXProjects\TP_FINAL.X\tp_final.asm
               ENCONTRADA   0x000078    program     static C:\Users\cande\MPLABXProjects\TP_FINAL.X\tp_final.asm
                  ESCANEO   0x000071    program     static C:\Users\cande\MPLABXProjects\TP_FINAL.X\tp_final.asm
                  GUARDAR   0x000081    program     static C:\Users\cande\MPLABXProjects\TP_FINAL.X\tp_final.asm
                INTER_SUB   0x000054    program     static C:\Users\cande\MPLABXProjects\TP_FINAL.X\tp_final.asm
                       L1   0x00004f    program     static C:\Users\cande\MPLABXProjects\TP_FINAL.X\tp_final.asm
                       L2   0x000087    program     static C:\Users\cande\MPLABXProjects\TP_FINAL.X\tp_final.asm
                       L3   0x0000e8    program     static C:\Users\cande\MPLABXProjects\TP_FINAL.X\tp_final.asm
                  MOSTRAR   0x000097    program     static C:\Users\cande\MPLABXProjects\TP_FINAL.X\tp_final.asm
                 RESETEAR   0x0000d0    program     static C:\Users\cande\MPLABXProjects\TP_FINAL.X\tp_final.asm
           RETARDO_TECLAS   0x000065    program     static C:\Users\cande\MPLABXProjects\TP_FINAL.X\tp_final.asm
                     SET_   0x0000e3    program     static C:\Users\cande\MPLABXProjects\TP_FINAL.X\tp_final.asm
                    START   0x000005    program     static C:\Users\cande\MPLABXProjects\TP_FINAL.X\tp_final.asm
              SUB_TECLADO   0x000068    program     static C:\Users\cande\MPLABXProjects\TP_FINAL.X\tp_final.asm
                  T0_50HZ   0x0000c9    program     static C:\Users\cande\MPLABXProjects\TP_FINAL.X\tp_final.asm
             _.org_2_00CC   0x0000cc    program     static C:\Users\cande\MPLABXProjects\TP_FINAL.X\tp_final.asm
             _.org_2_00D7   0x0000d7    program     static C:\Users\cande\MPLABXProjects\TP_FINAL.X\tp_final.asm



                              Symbols - Sorted by Address
                     Name    Address   Location    Storage File                     
                ---------  ---------  ---------  --------- ---------                
                    START   0x000005    program     static C:\Users\cande\MPLABXProjects\TP_FINAL.X\tp_final.asm
                       L1   0x00004f    program     static C:\Users\cande\MPLABXProjects\TP_FINAL.X\tp_final.asm
                INTER_SUB   0x000054    program     static C:\Users\cande\MPLABXProjects\TP_FINAL.X\tp_final.asm
           RETARDO_TECLAS   0x000065    program     static C:\Users\cande\MPLABXProjects\TP_FINAL.X\tp_final.asm
              SUB_TECLADO   0x000068    program     static C:\Users\cande\MPLABXProjects\TP_FINAL.X\tp_final.asm
                  ESCANEO   0x000071    program     static C:\Users\cande\MPLABXProjects\TP_FINAL.X\tp_final.asm
               ENCONTRADA   0x000078    program     static C:\Users\cande\MPLABXProjects\TP_FINAL.X\tp_final.asm
                  GUARDAR   0x000081    program     static C:\Users\cande\MPLABXProjects\TP_FINAL.X\tp_final.asm
                       L2   0x000087    program     static C:\Users\cande\MPLABXProjects\TP_FINAL.X\tp_final.asm
                  MOSTRAR   0x000097    program     static C:\Users\cande\MPLABXProjects\TP_FINAL.X\tp_final.asm
             DISPLAY_LOOP   0x0000a9    program     static C:\Users\cande\MPLABXProjects\TP_FINAL.X\tp_final.asm
             CODIFICACION   0x0000b8    program     static C:\Users\cande\MPLABXProjects\TP_FINAL.X\tp_final.asm
                  T0_50HZ   0x0000c9    program     static C:\Users\cande\MPLABXProjects\TP_FINAL.X\tp_final.asm
             _.org_2_00CC   0x0000cc    program     static C:\Users\cande\MPLABXProjects\TP_FINAL.X\tp_final.asm
                 RESETEAR   0x0000d0    program     static C:\Users\cande\MPLABXProjects\TP_FINAL.X\tp_final.asm
             _.org_2_00D7   0x0000d7    program     static C:\Users\cande\MPLABXProjects\TP_FINAL.X\tp_final.asm
                    BLINK   0x0000d8    program     static C:\Users\cande\MPLABXProjects\TP_FINAL.X\tp_final.asm
                   APAGAR   0x0000dc    program     static C:\Users\cande\MPLABXProjects\TP_FINAL.X\tp_final.asm
                     SET_   0x0000e3    program     static C:\Users\cande\MPLABXProjects\TP_FINAL.X\tp_final.asm
                       L3   0x0000e8    program     static C:\Users\cande\MPLABXProjects\TP_FINAL.X\tp_final.asm


